#-----------------------------------------------------------
# Webtalk v2018.2 (64-bit)
# SW Build 2258646 on Thu Jun 14 20:02:38 MDT 2018
# IP Build 2256618 on Thu Jun 14 22:10:49 MDT 2018
# Start of session at: Sun Oct 21 15:33:35 2018
# Process ID: 9109
# Current directory: /home/tj/Documents/Xilinx/Projects/clk_divider_prj/clk_divider_prj.sim/sim_1/behav/xsim
# Command line: wbtcv -mode batch -source /home/tj/Documents/Xilinx/Projects/clk_divider_prj/clk_divider_prj.sim/sim_1/behav/xsim/xsim.dir/clk_divider_behav/webtalk/xsim_webtalk.tcl -notrace
# Log file: /home/tj/Documents/Xilinx/Projects/clk_divider_prj/clk_divider_prj.sim/sim_1/behav/xsim/webtalk.log
# Journal file: /home/tj/Documents/Xilinx/Projects/clk_divider_prj/clk_divider_prj.sim/sim_1/behav/xsim/webtalk.jou
#-----------------------------------------------------------
source /home/tj/Documents/Xilinx/Projects/clk_divider_prj/clk_divider_prj.sim/sim_1/behav/xsim/xsim.dir/clk_divider_behav/webtalk/xsim_webtalk.tcl -notrace
